
[1m[46m RUN [49m[22m [36mv4.0.16 [39m[90mE:/KULIAH/event-colaboration[39m

 [31mΓ¥»[39m src/tests/App.test.tsx [2m([22m[2m11 tests[22m[2m | [22m[31m3 failed[39m[2m)[22m[33m 1730[2mms[22m[39m
     [33m[2mΓ£ô[22m[39m renders landing page by default (public layout) [33m 358[2mms[22m[39m
     [32mΓ£ô[39m renders login page on /login[32m 44[2mms[22m[39m
     [32mΓ£ô[39m renders discover page on /discover[32m 66[2mms[22m[39m
     [32mΓ£ô[39m renders dashboard page when logged in and navigating to /dashboard[32m 75[2mms[22m[39m
     [32mΓ£ô[39m switches to dashboard layout when logged in user visits public page (not landing)[32m 42[2mms[22m[39m
     [32mΓ£ô[39m handles user menu interactions[32m 280[2mms[22m[39m
     [33m[2mΓ£ô[22m[39m handles notifications: fetch, mark read, mark all read [33m 545[2mms[22m[39m
     [32mΓ£ô[39m handles public navbar logout (mobile menu)[32m 105[2mms[22m[39m
[31m     [31m├ù[31m handles notification click with internal action_url[39m[32m 93[2mms[22m[39m
[31m     [31m├ù[31m closes menus when clicking outside[39m[32m 69[2mms[22m[39m
[31m     [31m├ù[31m handles realtime notification INSERT[39m[32m 43[2mms[22m[39m
node.exe : 
At line:1 char:1
+ & "C:\Program Files\nodejs/node.exe" "C:\Program Files\nodejs/node_mo ...
+ ~~~~~~~~~~~~~~~~~~~~~~~~~~~~~~~~~~~~~~~~~~~~~~~~~~~~~~~~~~~~~~~~~~~~~
    + CategoryInfo          : NotSpecified: (:String) [], RemoteException
    + FullyQualifiedErrorId : NativeCommandError
 
[31mΓÄ»ΓÄ»ΓÄ»ΓÄ»ΓÄ»ΓÄ»ΓÄ»[39m[1m[41m Failed Tests 3 [49m[22m[31mΓÄ»ΓÄ»ΓÄ»ΓÄ»ΓÄ»ΓÄ»ΓÄ»[39m

[41m[1m FAIL [22m[49m src/tests/App.test.tsx[2m > [22mApp Integration[2m > [22mhandles notification click with 
internal action_url
[31m[1mTestingLibraryElementError[22m[39m: Unable to find an element by: [data-testid="notif-btn"]

Ignored nodes: comments, script, style
[36m<body>[39m
  [36m<div>[39m
    [36m<div[39m
      [33mclass[39m=[32m"min-h-screen flex flex-col font-sans text-slate-900"[39m
    [36m>[39m
      [36m<nav[39m
        [33mclass[39m=[32m"fixed top-0 left-0 right-0 z-50 transition-all duration-300 bg-white/80 backdrop-blur-xl 
border-b border-transparent"[39m
      [36m>[39m
        [36m<div[39m
          [33mclass[39m=[32m"w-full max-w-[1400px] mx-auto px-6 h-20 flex items-center justify-between"[39m
        [36m>[39m
          [36m<a[39m
            [33mclass[39m=[32m"flex-shrink-0 flex items-center gap-2 cursor-pointer group"[39m
            [33mdata-discover[39m=[32m"true"[39m
            [33mhref[39m=[32m"/"[39m
          [36m>[39m
            [36m<div[39m
              [33mclass[39m=[32m"w-8 h-8 rounded-lg bg-gradient-to-br from-indigo-600 to-violet-600 flex 
items-center justify-center text-white font-bold text-lg shadow-sm group-hover:scale-105 transition-transform"[39m
            [36m>[39m
              [0mU[0m
            [36m</div>[39m
            [36m<span[39m
              [33mclass[39m=[32m"font-bold text-xl text-slate-800 tracking-tight hidden sm:block"[39m
            [36m>[39m
              [0mUNUGHA Events[0m
            [36m</span>[39m
          [36m</a>[39m
          [36m<div[39m
            [33mclass[39m=[32m"flex items-center gap-4 sm:gap-6"[39m
          [36m>[39m
            [36m<span[39m
              [33mclass[39m=[32m"hidden lg:block text-sm font-medium text-slate-500 tabular-nums tracking-wide"[39m
            [36m>[39m
              [0m00.08[0m
              [0m WIB[0m
            [36m</span>[39m
            [36m<a[39m
              [33mclass[39m=[32m"hidden sm:flex items-center gap-1.5 text-sm font-medium text-slate-500 
hover:text-slate-900 transition-colors"[39m
              [33mdata-discover[39m=[32m"true"[39m
              [33mhref[39m=[32m"/discover"[39m
            [36m>[39m
              [0mJelajahi Acara[0m
              [36m<svg[39m
                [33maria-hidden[39m=[32m"true"[39m
                [33mclass[39m=[32m"lucide lucide-arrow-up-right text-slate-400"[39m
                [33mfill[39m=[32m"none"[39m
                [33mheight[39m=[32m"16"[39m
                [33mstroke[39m=[32m"currentColor"[39m
                [33mstroke-linecap[39m=[32m"round"[39m
                [33mstroke-linejoin[39m=[32m"round"[39m
                [33mstroke-width[39m=[32m"2"[39m
                [33mviewBox[39m=[32m"0 0 24 24"[39m
                [33mwidth[39m=[32m"16"[39m
                [33mxmlns[39m=[32m"http://www.w3.org/2000/svg"[39m
              [36m>[39m
                [36m<path[39m
                  [33md[39m=[32m"M7 7h10v10"[39m
                [36m/>[39m
                [36m<path[39m
                  [33md[39m=[32m"M7 17 17 7"[39m
                [36m/>[39m
              [36m</svg>[39m
            [36m</a>[39m
            [36m<div[39m
              [33mclass[39m=[32m"flex items-center gap-3"[39m
            [36m>[39m
              [36m<a[39m
                [33mdata-discover[39m=[32m"true"[39m
                [33mhref[39m=[32m"/dashboard"[39m
              [36m>[39m
                [36m<button[39m
                  [33mclass[39m=[32m"px-5 py-2.5 rounded-full bg-slate-100 hover:bg-slate-200 text-slate-900 
text-sm font-semibold transition-colors"[39m
                [36m>[39m
                  [0mDashboard[0m
                [36m</button>[39m
              [36m</a>[39m
            [36m</div>[39m
            [36m<div[39m
              [33mclass[39m=[32m"md:hidden flex items-center ml-2"[39m
            [36m>[39m
              [36m<button[39m
                [33maria-label[39m=[32m"Toggle Mobile Menu"[39m
                [33mclass[39m=[32m"text-slate-600 p-2 hover:bg-slate-100 rounded-full transition-colors"[39m
              [36m>[39m
                [36m<svg[39m
                  [33maria-hidden[39m=[32m"true"[39m
                  [33mclass[39m=[32m"lucide lucide-menu"[39m
                  [33mfill[39m=[32m"none"[39m
                  [33mheight[39m=[32m"24"[39m
                  [33mstroke[39m=[32m"currentColor"[39m
                  [33mstroke-linecap[39m=[32m"round"[39m
                  [33mstroke-linejoin[39m=[32m"round"[39m
                  [33mstroke-width[39m=[32m"2"[39m
                  [33mviewBox[39m=[32m"0 0 24 24"[39m
                  [33mwidth[39m=[32m"24"[39m
                  [33mxmlns[39m=[32m"http://www.w3.org/2000/svg"[39m
                [36m>[39m
                  [36m<path[39m
                    [33md[39m=[32m"M4 5h16"[39m
                  [36m/>[39m
                  [36m<path[39m
                    [33md[39m=[32m"M4 12h16"[39m
                  [36m/>[39m
                  [36m<path[39m
                    [33md[39m=[32m"M4 19h16"[39m
                  [36m/>[39m
                [36m</svg>[39m
              [36m</button>[39m
            [36m</div>[39m
          [36m</div>[39m
        [36m</div>[39m
      [36m</nav>[39m
      [36m<main[39m
        [33mclass[39m=[32m"flex-grow pt-20 "[39m
      [36m>[39m
        [36m<div[39m
          [33mdata-testid[39m=[32m"landing-page"[39m
        [36m>[39m
          [0mLanding Page[0m
        [36m</div>[39m
      [36m</main>[39m
      [36m<footer[39m
        [33mclass[39m=[32m"bg-white text-slate-900 border-t border-slate-200 pt-16 pb-8 mt-20"[39m
      [36m>[39m
        [36m<div[39m
          [33mclass[39m=[32m"max-w-[1400px] mx-auto px-6"[39m
        [36m>[39m
          [36m<div[39m
            [33mclass[39m=[32m"flex flex-col lg:flex-row justify-between items-start gap-12 mb-20"[39m
          [36m>[39m
            [36m<div[39m
              [33mclass[39m=[32m"max-w-md"[39m
            [36m>[39m
              [36m<h3[39m
                [33mclass[39m=[32m"text-xl md:text-2xl font-medium mb-8 leading-tight text-slate-800"[39m
              [36m>[39m
                [0mTetap terhubung untuk akses awal ke fitur terbaru dan event local kampus.[0m
              [36m</h3>[39m
              [36m<div[39m
                [33mclass[39m=[32m"flex flex-wrap items-center gap-4"[39m
              [36m>[39m
                [36m<a[39m
                  [33mclass[39m=[32m"w-12 h-12 rounded-full border border-slate-900 flex items-center 
justify-center hover:bg-slate-100 transition-colors group"[39m
                  [33mhref[39m=[32m"#"[39m
                [36m>[39m
                  [36m<svg[39m
                    [33mclass[39m=[32m"w-5 h-5 fill-slate-900 group-hover:scale-110 transition-transform"[39m
                    [33mviewBox[39m=[32m"0 0 24 24"[39m
                  [36m>[39m
                    [36m<path[39m
    ...
[90m [2mΓ¥»[22m Object.getElementError node_modules/@testing-library/dom/dist/config.js:[2m37:19[22m[39m
[90m [2mΓ¥»[22m node_modules/@testing-library/dom/dist/query-helpers.js:[2m76:38[22m[39m
[90m [2mΓ¥»[22m node_modules/@testing-library/dom/dist/query-helpers.js:[2m52:17[22m[39m
[90m [2mΓ¥»[22m node_modules/@testing-library/dom/dist/query-helpers.js:[2m95:19[22m[39m
[36m [2mΓ¥»[22m src/tests/App.test.tsx:[2m286:56[22m[39m
    [90m284| [39m        
    [90m285| [39m        [35mawait[39m [34mact[39m([35masync[39m () [33m=>[39m { 
[34mrender[39m([33m<[39m[33mApp[39m [33m/[39m[33m>[39m)[33m;[39m })[33m;[39m
    [90m286| [39m        await act(async () => { fireEvent.click(screen.getByTestId('noΓÇª
    [90m   | [39m                                                       [31m^[39m
    [90m287| [39m        
    [90m288| [39m        [35mconst[39m notifItem [33m=[39m 
screen[33m.[39m[34mgetByText[39m([32m'Internal'[39m)[33m;[39m
[90m [2mΓ¥»[22m node_modules/@testing-library/react/dist/act-compat.js:[2m47:24[22m[39m
[90m [2mΓ¥»[22m process.env.NODE_ENV.exports.act node_modules/react/cjs/react.development.js:[2m814:22[22m[39m
[90m [2mΓ¥»[22m Proxy.<anonymous> node_modules/@testing-library/react/dist/act-compat.js:[2m46:25[22m[39m
[90m [2mΓ¥»[22m src/tests/App.test.tsx:[2m286:15[22m[39m

[31m[2mΓÄ»ΓÄ»ΓÄ»ΓÄ»ΓÄ»ΓÄ»ΓÄ»ΓÄ»ΓÄ»ΓÄ»ΓÄ»ΓÄ»ΓÄ»ΓÄ»ΓÄ»ΓÄ»ΓÄ»ΓÄ»ΓÄ»ΓÄ»ΓÄ»ΓÄ»ΓÄ»ΓÄ»[1/3]ΓÄ»[22m[39m

[41m[1m FAIL [22m[49m src/tests/App.test.tsx[2m > [22mApp Integration[2m > [22mcloses menus when clicking 
outside
[31m[1mTestingLibraryElementError[22m[39m: Unable to find an element with the text: Outside User. This could be 
because the text is broken up by multiple elements. In this case, you can provide a function for your text matcher to 
make your matcher more flexible.

Ignored nodes: comments, script, style
[36m<body>[39m
  [36m<div>[39m
    [36m<div[39m
      [33mclass[39m=[32m"min-h-screen flex flex-col font-sans text-slate-900"[39m
    [36m>[39m
      [36m<nav[39m
        [33mclass[39m=[32m"fixed top-0 left-0 right-0 z-50 transition-all duration-300 bg-white/80 backdrop-blur-xl 
border-b border-transparent"[39m
      [36m>[39m
        [36m<div[39m
          [33mclass[39m=[32m"w-full max-w-[1400px] mx-auto px-6 h-20 flex items-center justify-between"[39m
        [36m>[39m
          [36m<a[39m
            [33mclass[39m=[32m"flex-shrink-0 flex items-center gap-2 cursor-pointer group"[39m
            [33mdata-discover[39m=[32m"true"[39m
            [33mhref[39m=[32m"/"[39m
          [36m>[39m
            [36m<div[39m
              [33mclass[39m=[32m"w-8 h-8 rounded-lg bg-gradient-to-br from-indigo-600 to-violet-600 flex 
items-center justify-center text-white font-bold text-lg shadow-sm group-hover:scale-105 transition-transform"[39m
            [36m>[39m
              [0mU[0m
            [36m</div>[39m
            [36m<span[39m
              [33mclass[39m=[32m"font-bold text-xl text-slate-800 tracking-tight hidden sm:block"[39m
            [36m>[39m
              [0mUNUGHA Events[0m
            [36m</span>[39m
          [36m</a>[39m
          [36m<div[39m
            [33mclass[39m=[32m"flex items-center gap-4 sm:gap-6"[39m
          [36m>[39m
            [36m<span[39m
              [33mclass[39m=[32m"hidden lg:block text-sm font-medium text-slate-500 tabular-nums tracking-wide"[39m
            [36m>[39m
              [0m00.08[0m
              [0m WIB[0m
            [36m</span>[39m
            [36m<a[39m
              [33mclass[39m=[32m"hidden sm:flex items-center gap-1.5 text-sm font-medium text-slate-500 
hover:text-slate-900 transition-colors"[39m
              [33mdata-discover[39m=[32m"true"[39m
              [33mhref[39m=[32m"/discover"[39m
            [36m>[39m
              [0mJelajahi Acara[0m
              [36m<svg[39m
                [33maria-hidden[39m=[32m"true"[39m
                [33mclass[39m=[32m"lucide lucide-arrow-up-right text-slate-400"[39m
                [33mfill[39m=[32m"none"[39m
                [33mheight[39m=[32m"16"[39m
                [33mstroke[39m=[32m"currentColor"[39m
                [33mstroke-linecap[39m=[32m"round"[39m
                [33mstroke-linejoin[39m=[32m"round"[39m
                [33mstroke-width[39m=[32m"2"[39m
                [33mviewBox[39m=[32m"0 0 24 24"[39m
                [33mwidth[39m=[32m"16"[39m
                [33mxmlns[39m=[32m"http://www.w3.org/2000/svg"[39m

[2m Test Files [22m [1m[31m1 failed[39m[22m[90m (1)[39m
[2m      Tests [22m [1m[31m3 failed[39m[22m[2m | [22m[1m[32m8 passed[39m[22m[90m (11)[39m
[2m   Start at [22m 00:08:12
[2m   Duration [22m 7.72s[2m (transform 1.21s, setup 695ms, import 1.86s, tests 1.73s, environment 2.73s)[22m

              [36m>[39m
                [36m<path[39m
                  [33md[39m=[32m"M7 7h10v10"[39m
                [36m/>[39m
                [36m<path[39m
                  [33md[39m=[32m"M7 17 17 7"[39m
                [36m/>[39m
              [36m</svg>[39m
            [36m</a>[39m
            [36m<div[39m
              [33mclass[39m=[32m"flex items-center gap-3"[39m
            [36m>[39m
              [36m<a[39m
                [33mdata-discover[39m=[32m"true"[39m
                [33mhref[39m=[32m"/dashboard"[39m
              [36m>[39m
                [36m<button[39m
                  [33mclass[39m=[32m"px-5 py-2.5 rounded-full bg-slate-100 hover:bg-slate-200 text-slate-900 
text-sm font-semibold transition-colors"[39m
                [36m>[39m
                  [0mDashboard[0m
                [36m</button>[39m
              [36m</a>[39m
            [36m</div>[39m
            [36m<div[39m
              [33mclass[39m=[32m"md:hidden flex items-center ml-2"[39m
            [36m>[39m
              [36m<button[39m
                [33maria-label[39m=[32m"Toggle Mobile Menu"[39m
                [33mclass[39m=[32m"text-slate-600 p-2 hover:bg-slate-100 rounded-full transition-colors"[39m
              [36m>[39m
                [36m<svg[39m
                  [33maria-hidden[39m=[32m"true"[39m
                  [33mclass[39m=[32m"lucide lucide-menu"[39m
                  [33mfill[39m=[32m"none"[39m
                  [33mheight[39m=[32m"24"[39m
                  [33mstroke[39m=[32m"currentColor"[39m
                  [33mstroke-linecap[39m=[32m"round"[39m
                  [33mstroke-linejoin[39m=[32m"round"[39m
                  [33mstroke-width[39m=[32m"2"[39m
                  [33mviewBox[39m=[32m"0 0 24 24"[39m
                  [33mwidth[39m=[32m"24"[39m
                  [33mxmlns[39m=[32m"http://www.w3.org/2000/svg"[39m
                [36m>[39m
                  [36m<path[39m
                    [33md[39m=[32m"M4 5h16"[39m
                  [36m/>[39m
                  [36m<path[39m
                    [33md[39m=[32m"M4 12h16"[39m
                  [36m/>[39m
                  [36m<path[39m
                    [33md[39m=[32m"M4 19h16"[39m
                  [36m/>[39m
                [36m</svg>[39m
              [36m</button>[39m
            [36m</div>[39m
          [36m</div>[39m
        [36m</div>[39m
      [36m</nav>[39m
      [36m<main[39m
        [33mclass[39m=[32m"flex-grow pt-20 "[39m
      [36m>[39m
        [36m<div[39m
          [33mdata-testid[39m=[32m"landing-page"[39m
        [36m>[39m
          [0mLanding Page[0m
        [36m</div>[39m
      [36m</main>[39m
      [36m<footer[39m
        [33mclass[39m=[32m"bg-white text-slate-900 border-t border-slate-200 pt-16 pb-8 mt-20"[39m
      [36m>[39m
        [36m<div[39m
          [33mclass[39m=[32m"max-w-[1400px] mx-auto px-6"[39m
        [36m>[39m
          [36m<div[39m
            [33mclass[39m=[32m"flex flex-col lg:flex-row justify-between items-start gap-12 mb-20"[39m
          [36m>[39m
            [36m<div[39m
              [33mclass[39m=[32m"max-w-md"[39m
            [36m>[39m
              [36m<h3[39m
                [33mclass[39m=[32m"text-xl md:text-2xl font-medium mb-8 leading-tight text-slate-800"[39m
              [36m>[39m
                [0mTetap terhubung untuk akses awal ke fitur terbaru dan event local kampus.[0m
              [36m</h3>[39m
              [36m<div[39m
                [33mclass[39m=[32m"flex flex-wrap items-center gap-4"[39m
              [36m>[39m
                [36m<a[39m
                  [33mclass[39m=[32m"w-12 h-12 rounded-full border border-slate-900 flex items-center 
justify-center hover:bg-slate-100 transition-colors group"[39m
                  [33mhref[39m=[32m"#"[39m
                [36m>[39m
                  [36m<svg[39m
                    [33mclass[39m=[32m"w-5 h-5 fill-slate-900 group-hover:scale-110 transition-transform"[39m
                    [33mviewBox[39m=[32m"0 0 24 24"[39m
                  [36m>[39m
                    [36m<path[39m
    ...
[90m [2mΓ¥»[22m Object.getElementError node_modules/@testing-library/dom/dist/config.js:[2m37:19[22m[39m
[90m [2mΓ¥»[22m node_modules/@testing-library/dom/dist/query-helpers.js:[2m76:38[22m[39m
[90m [2mΓ¥»[22m node_modules/@testing-library/dom/dist/query-helpers.js:[2m52:17[22m[39m
[90m [2mΓ¥»[22m node_modules/@testing-library/dom/dist/query-helpers.js:[2m95:19[22m[39m
[36m [2mΓ¥»[22m src/tests/App.test.tsx:[2m300:32[22m[39m
    [90m298| [39m        
    [90m299| [39m        [90m// Open User Menu[39m
    [90m300| [39m        fireEvent[33m.[39m[34mclick[39m(screen[33m.[39m[34mgetByText[39m([32m'Outside 
User'[39m))[33m;[39m
    [90m   | [39m                               [31m^[39m
    [90m301| [39m        expect(screen.getByText('Keluar Aplikasi')).toBeInTheDocument(ΓÇª
    [90m302| [39m        

[31m[2mΓÄ»ΓÄ»ΓÄ»ΓÄ»ΓÄ»ΓÄ»ΓÄ»ΓÄ»ΓÄ»ΓÄ»ΓÄ»ΓÄ»ΓÄ»ΓÄ»ΓÄ»ΓÄ»ΓÄ»ΓÄ»ΓÄ»ΓÄ»ΓÄ»ΓÄ»ΓÄ»ΓÄ»[2/3]ΓÄ»[22m[39m

[41m[1m FAIL [22m[49m src/tests/App.test.tsx[2m > [22mApp Integration[2m > [22mhandles realtime notification 
INSERT
[31m[1mTypeError[22m: callback is not a function[39m
[36m [2mΓ¥»[22m src/tests/App.test.tsx:[2m329:13[22m[39m
    [90m327| [39m        [90m// Trigger realtime insert[39m
    [90m328| [39m        [35mawait[39m [34mact[39m([35masync[39m () [33m=>[39m {
    [90m329| [39m            callback({ new: { id: 'new-1', title: 'New Notif', messageΓÇª
    [90m   | [39m            [31m^[39m
    [90m330| [39m        })[33m;[39m
    [90m331| [39m
[90m [2mΓ¥»[22m node_modules/@testing-library/react/dist/act-compat.js:[2m47:24[22m[39m
[90m [2mΓ¥»[22m process.env.NODE_ENV.exports.act node_modules/react/cjs/react.development.js:[2m814:22[22m[39m
[90m [2mΓ¥»[22m Proxy.<anonymous> node_modules/@testing-library/react/dist/act-compat.js:[2m46:25[22m[39m
[90m [2mΓ¥»[22m src/tests/App.test.tsx:[2m328:15[22m[39m

[31m[2mΓÄ»ΓÄ»ΓÄ»ΓÄ»ΓÄ»ΓÄ»ΓÄ»ΓÄ»ΓÄ»ΓÄ»ΓÄ»ΓÄ»ΓÄ»ΓÄ»ΓÄ»ΓÄ»ΓÄ»ΓÄ»ΓÄ»ΓÄ»ΓÄ»ΓÄ»ΓÄ»ΓÄ»[3/3]ΓÄ»[22m[39m

